// Jest Snapshot v1, https://goo.gl/fbAQLP

exports[`components:conversations:list should render default correctly 1`] = `
<div>
  <div
    class="sc-ftvSup leMugg"
    role="list"
  />
</div>
`;
