// Jest Snapshot v1, https://goo.gl/fbAQLP

exports[`components:errorBoundary should render default correctly 1`] = `
<div>
  Children
</div>
`;
