// Jest Snapshot v1, https://goo.gl/fbAQLP

exports[`components:conversations:lastMessage should render default correctly 1`] = `
<div>
  <span
    class="sc-bczRLJ eockqr"
    data-testid="loading"
  />
</div>
`;
