// Jest Snapshot v1, https://goo.gl/fbAQLP

exports[`components:floatingAdd should render default correctly 1`] = `
<div>
  <button
    aria-label="add"
    class="sc-bczRLJ epsKoe"
  >
    <i
      class="fa-solid fa-plus"
    />
  </button>
</div>
`;
